// Jest Snapshot v1, https://goo.gl/fbAQLP

exports[`[Component] - [InputField]  should render text input correctly 1`] = `
<View>
  <TextInput
    accessibilityLabel="Username"
    placeholder="Username"
    style={
      Array [
        Object {
          "backgroundColor": "#FAFAFA",
          "borderColor": "#eaeaea",
          "borderRadius": 5,
          "borderWidth": 1,
          "fontSize": 14,
          "height": 43,
          "marginVertical": 5,
          "paddingLeft": 10,
        },
        undefined,
      ]
    }
  />
</View>
`;
